Component: Arm Compiler for Embedded 6.22 Tool: armlink [5ee90200]

==============================================================================

Section Cross References

    startup.o(STACK) refers (Special) to heapauxi.o(.text) for __use_two_region_memory
    startup.o(HEAP) refers (Special) to heapauxi.o(.text) for __use_two_region_memory
    startup.o(RESET) refers (Special) to heapauxi.o(.text) for __use_two_region_memory
    startup.o(RESET) refers to startup.o(STACK) for StackMem
    startup.o(RESET) refers to bltcontrolledcar.o(.text.GPIOPortF_Handler) for GPIOPortF_Handler
    startup.o(RESET) refers to __main.o(!!!main) for __main
    startup.o(.text) refers (Special) to heapauxi.o(.text) for __use_two_region_memory
    startup.o(.text) refers to startup.o(HEAP) for HeapMem
    startup.o(.text) refers to startup.o(STACK) for StackMem
    led.o(.ARM.exidx.text.LEDSW_Init) refers to led.o(.text.LEDSW_Init) for [Anonymous Symbol]
    blt.o(.ARM.exidx.text.BLT_Init) refers to blt.o(.text.BLT_Init) for [Anonymous Symbol]
    blt.o(.ARM.exidx.text.BLT_OutChar) refers to blt.o(.text.BLT_OutChar) for [Anonymous Symbol]
    blt.o(.text.BLT_OutString) refers to blt.o(.text.BLT_OutChar) for BLT_OutChar
    blt.o(.ARM.exidx.text.BLT_OutString) refers to blt.o(.text.BLT_OutString) for [Anonymous Symbol]
    blt.o(.ARM.exidx.text.BLT_InChar) refers to blt.o(.text.BLT_InChar) for [Anonymous Symbol]
    blt.o(.text.BLT_InString) refers to blt.o(.text.BLT_InChar) for BLT_InChar
    blt.o(.ARM.exidx.text.BLT_InString) refers to blt.o(.text.BLT_InString) for [Anonymous Symbol]
    blt.o(.ARM.exidx.text.UART0_OutChar) refers to blt.o(.text.UART0_OutChar) for [Anonymous Symbol]
    bltcontrolledcar.o(.text.main) refers to startup.o(.text) for DisableInterrupts
    bltcontrolledcar.o(.text.main) refers to movement.o(.text.SysTick_Init) for SysTick_Init
    bltcontrolledcar.o(.text.main) refers to blt.o(.text.BLT_Init) for BLT_Init
    bltcontrolledcar.o(.text.main) refers to movement.o(.text.Direction_Init) for Direction_Init
    bltcontrolledcar.o(.text.main) refers to led.o(.text.LEDSW_Init) for LEDSW_Init
    bltcontrolledcar.o(.text.main) refers to pwm.o(.text.PWM_Init) for PWM_Init
    bltcontrolledcar.o(.text.main) refers to pwm.o(.text.PWM_Duty) for PWM_Duty
    bltcontrolledcar.o(.text.main) refers to blt.o(.text.BLT_InChar) for BLT_InChar
    bltcontrolledcar.o(.text.main) refers to bltcontrolledcar.o(.bss.control_symbol) for control_symbol
    bltcontrolledcar.o(.text.main) refers to blt.o(.text.UART0_OutChar) for UART0_OutChar
    bltcontrolledcar.o(.text.main) refers to bltcontrolledcar.o(.data.isMode1) for isMode1
    bltcontrolledcar.o(.text.main) refers to bltcontrolledcar.o(.text.mode1) for mode1
    bltcontrolledcar.o(.text.main) refers to bltcontrolledcar.o(.bss.isMode2) for isMode2
    bltcontrolledcar.o(.text.main) refers to bltcontrolledcar.o(.text.mode2) for mode2
    bltcontrolledcar.o(.ARM.exidx.text.main) refers to bltcontrolledcar.o(.text.main) for [Anonymous Symbol]
    bltcontrolledcar.o(.text.mode1) refers to bltcontrolledcar.o(.bss.control_symbol) for control_symbol
    bltcontrolledcar.o(.text.mode1) refers to movement.o(.text.figure_eight) for figure_eight
    bltcontrolledcar.o(.text.mode1) refers to movement.o(.text.circle) for circle
    bltcontrolledcar.o(.text.mode1) refers to movement.o(.text.square) for square
    bltcontrolledcar.o(.text.mode1) refers to movement.o(.text.zigzag) for zigzag
    bltcontrolledcar.o(.ARM.exidx.text.mode1) refers to bltcontrolledcar.o(.text.mode1) for [Anonymous Symbol]
    bltcontrolledcar.o(.text.mode2) refers to bltcontrolledcar.o(.bss.control_symbol) for control_symbol
    bltcontrolledcar.o(.text.mode2) refers to movement.o(.text.move_forward) for move_forward
    bltcontrolledcar.o(.text.mode2) refers to movement.o(.text.move_backward) for move_backward
    bltcontrolledcar.o(.text.mode2) refers to movement.o(.text.wide_left) for wide_left
    bltcontrolledcar.o(.text.mode2) refers to movement.o(.text.wide_right) for wide_right
    bltcontrolledcar.o(.text.mode2) refers to movement.o(.text.stop) for stop
    bltcontrolledcar.o(.text.mode2) refers to movement.o(.text.speed_up) for speed_up
    bltcontrolledcar.o(.text.mode2) refers to movement.o(.text.slow_down) for slow_down
    bltcontrolledcar.o(.ARM.exidx.text.mode2) refers to bltcontrolledcar.o(.text.mode2) for [Anonymous Symbol]
    bltcontrolledcar.o(.text.GPIOPortF_Handler) refers to movement.o(.text.Delay) for Delay
    bltcontrolledcar.o(.text.GPIOPortF_Handler) refers to bltcontrolledcar.o(.data.isMode1) for isMode1
    bltcontrolledcar.o(.text.GPIOPortF_Handler) refers to bltcontrolledcar.o(.bss.isMode2) for isMode2
    bltcontrolledcar.o(.ARM.exidx.text.GPIOPortF_Handler) refers to bltcontrolledcar.o(.text.GPIOPortF_Handler) for [Anonymous Symbol]
    pwm.o(.ARM.exidx.text.PWM_Init) refers to pwm.o(.text.PWM_Init) for [Anonymous Symbol]
    pwm.o(.ARM.exidx.text.PWM_Duty) refers to pwm.o(.text.PWM_Duty) for [Anonymous Symbol]
    movement.o(.ARM.exidx.text.Direction_Init) refers to movement.o(.text.Direction_Init) for [Anonymous Symbol]
    movement.o(.text.move_forward) refers to movement.o(.data.CURRENT_SPEED_L) for CURRENT_SPEED_L
    movement.o(.text.move_forward) refers to movement.o(.data.CURRENT_SPEED_R) for CURRENT_SPEED_R
    movement.o(.text.move_forward) refers to pwm.o(.text.PWM_Duty) for PWM_Duty
    movement.o(.ARM.exidx.text.move_forward) refers to movement.o(.text.move_forward) for [Anonymous Symbol]
    movement.o(.text.move_backward) refers to movement.o(.data.CURRENT_SPEED_L) for CURRENT_SPEED_L
    movement.o(.text.move_backward) refers to movement.o(.data.CURRENT_SPEED_R) for CURRENT_SPEED_R
    movement.o(.text.move_backward) refers to pwm.o(.text.PWM_Duty) for PWM_Duty
    movement.o(.ARM.exidx.text.move_backward) refers to movement.o(.text.move_backward) for [Anonymous Symbol]
    movement.o(.text.speed_up) refers to movement.o(.data.CURRENT_SPEED_L) for CURRENT_SPEED_L
    movement.o(.text.speed_up) refers to movement.o(.data.CURRENT_SPEED_R) for CURRENT_SPEED_R
    movement.o(.text.speed_up) refers to pwm.o(.text.PWM_Duty) for PWM_Duty
    movement.o(.ARM.exidx.text.speed_up) refers to movement.o(.text.speed_up) for [Anonymous Symbol]
    movement.o(.text.slow_down) refers to movement.o(.data.CURRENT_SPEED_L) for CURRENT_SPEED_L
    movement.o(.text.slow_down) refers to movement.o(.data.CURRENT_SPEED_R) for CURRENT_SPEED_R
    movement.o(.text.slow_down) refers to pwm.o(.text.PWM_Duty) for PWM_Duty
    movement.o(.ARM.exidx.text.slow_down) refers to movement.o(.text.slow_down) for [Anonymous Symbol]
    movement.o(.text.stop) refers to pwm.o(.text.PWM_Duty) for PWM_Duty
    movement.o(.text.stop) refers to movement.o(.text.Delay) for Delay
    movement.o(.ARM.exidx.text.stop) refers to movement.o(.text.stop) for [Anonymous Symbol]
    movement.o(.text.Delay) refers to movement.o(.text.SysTick_Wait) for SysTick_Wait
    movement.o(.ARM.exidx.text.Delay) refers to movement.o(.text.Delay) for [Anonymous Symbol]
    movement.o(.text.pivot_90_right) refers to pwm.o(.text.PWM_Duty) for PWM_Duty
    movement.o(.text.pivot_90_right) refers to movement.o(.text.Delay) for Delay
    movement.o(.ARM.exidx.text.pivot_90_right) refers to movement.o(.text.pivot_90_right) for [Anonymous Symbol]
    movement.o(.text.pivot_90_left) refers to pwm.o(.text.PWM_Duty) for PWM_Duty
    movement.o(.text.pivot_90_left) refers to movement.o(.text.Delay) for Delay
    movement.o(.ARM.exidx.text.pivot_90_left) refers to movement.o(.text.pivot_90_left) for [Anonymous Symbol]
    movement.o(.text.pivot_45_right) refers to pwm.o(.text.PWM_Duty) for PWM_Duty
    movement.o(.text.pivot_45_right) refers to movement.o(.text.Delay) for Delay
    movement.o(.ARM.exidx.text.pivot_45_right) refers to movement.o(.text.pivot_45_right) for [Anonymous Symbol]
    movement.o(.text.pivot_45_left) refers to pwm.o(.text.PWM_Duty) for PWM_Duty
    movement.o(.text.pivot_45_left) refers to movement.o(.text.Delay) for Delay
    movement.o(.ARM.exidx.text.pivot_45_left) refers to movement.o(.text.pivot_45_left) for [Anonymous Symbol]
    movement.o(.text.wide_right) refers to pwm.o(.text.PWM_Duty) for PWM_Duty
    movement.o(.ARM.exidx.text.wide_right) refers to movement.o(.text.wide_right) for [Anonymous Symbol]
    movement.o(.text.wide_left) refers to pwm.o(.text.PWM_Duty) for PWM_Duty
    movement.o(.ARM.exidx.text.wide_left) refers to movement.o(.text.wide_left) for [Anonymous Symbol]
    movement.o(.text.figure_eight) refers to movement.o(.text.pivot_90_right) for pivot_90_right
    movement.o(.text.figure_eight) refers to movement.o(.text.stop) for stop
    movement.o(.text.figure_eight) refers to movement.o(.text.wide_left) for wide_left
    movement.o(.text.figure_eight) refers to movement.o(.text.Delay) for Delay
    movement.o(.text.figure_eight) refers to movement.o(.text.pivot_45_left) for pivot_45_left
    movement.o(.text.figure_eight) refers to movement.o(.text.wide_right) for wide_right
    movement.o(.ARM.exidx.text.figure_eight) refers to movement.o(.text.figure_eight) for [Anonymous Symbol]
    movement.o(.text.circle) refers to movement.o(.text.pivot_90_right) for pivot_90_right
    movement.o(.text.circle) refers to movement.o(.text.stop) for stop
    movement.o(.text.circle) refers to movement.o(.text.wide_left) for wide_left
    movement.o(.text.circle) refers to movement.o(.text.Delay) for Delay
    movement.o(.text.circle) refers to movement.o(.text.pivot_90_left) for pivot_90_left
    movement.o(.ARM.exidx.text.circle) refers to movement.o(.text.circle) for [Anonymous Symbol]
    movement.o(.text.square) refers to movement.o(.text.move_forward) for move_forward
    movement.o(.text.square) refers to movement.o(.text.Delay) for Delay
    movement.o(.text.square) refers to movement.o(.text.stop) for stop
    movement.o(.text.square) refers to movement.o(.text.pivot_90_right) for pivot_90_right
    movement.o(.ARM.exidx.text.square) refers to movement.o(.text.square) for [Anonymous Symbol]
    movement.o(.text.zigzag) refers to movement.o(.text.pivot_45_right) for pivot_45_right
    movement.o(.text.zigzag) refers to movement.o(.text.stop) for stop
    movement.o(.text.zigzag) refers to movement.o(.text.move_forward) for move_forward
    movement.o(.text.zigzag) refers to movement.o(.text.Delay) for Delay
    movement.o(.text.zigzag) refers to movement.o(.text.pivot_90_left) for pivot_90_left
    movement.o(.text.zigzag) refers to movement.o(.text.pivot_45_left) for pivot_45_left
    movement.o(.ARM.exidx.text.zigzag) refers to movement.o(.text.zigzag) for [Anonymous Symbol]
    movement.o(.ARM.exidx.text.SysTick_Init) refers to movement.o(.text.SysTick_Init) for [Anonymous Symbol]
    movement.o(.ARM.exidx.text.SysTick_Wait) refers to movement.o(.text.SysTick_Wait) for [Anonymous Symbol]
    movement.o(.ARM.exidx.text.Delay_half) refers to movement.o(.text.Delay_half) for [Anonymous Symbol]
    __main.o(!!!main) refers to __rtentry.o(.ARM.Collect$$rtentry$$00000000) for __rt_entry
    __rtentry.o(.ARM.Collect$$rtentry$$00000000) refers (Special) to __rtentry2.o(.ARM.Collect$$rtentry$$0000000A) for __rt_entry_li
    __rtentry.o(.ARM.Collect$$rtentry$$00000000) refers (Special) to __rtentry2.o(.ARM.Collect$$rtentry$$0000000D) for __rt_entry_main
    __rtentry.o(.ARM.Collect$$rtentry$$00000000) refers (Special) to __rtentry2.o(.ARM.Collect$$rtentry$$0000000C) for __rt_entry_postli_1
    __rtentry.o(.ARM.Collect$$rtentry$$00000000) refers (Special) to __rtentry2.o(.ARM.Collect$$rtentry$$00000009) for __rt_entry_postsh_1
    __rtentry.o(.ARM.Collect$$rtentry$$00000000) refers (Special) to __rtentry2.o(.ARM.Collect$$rtentry$$00000002) for __rt_entry_presh_1
    __rtentry.o(.ARM.Collect$$rtentry$$00000000) refers (Special) to __rtentry4.o(.ARM.Collect$$rtentry$$00000004) for __rt_entry_sh
    __rtentry2.o(.ARM.Collect$$rtentry$$00000008) refers to boardinit2.o(.text) for _platform_post_stackheap_init
    __rtentry2.o(.ARM.Collect$$rtentry$$0000000A) refers to libinit.o(.ARM.Collect$$libinit$$00000000) for __rt_lib_init
    __rtentry2.o(.ARM.Collect$$rtentry$$0000000B) refers to boardinit3.o(.text) for _platform_post_lib_init
    __rtentry2.o(.ARM.Collect$$rtentry$$0000000D) refers to bltcontrolledcar.o(.text.main) for main
    __rtentry2.o(.ARM.Collect$$rtentry$$0000000D) refers to exit.o(.text) for exit
    __rtentry2.o(.ARM.exidx) refers to __rtentry2.o(.ARM.Collect$$rtentry$$00000001) for .ARM.Collect$$rtentry$$00000001
    __rtentry2.o(.ARM.exidx) refers to __rtentry2.o(.ARM.Collect$$rtentry$$00000008) for .ARM.Collect$$rtentry$$00000008
    __rtentry2.o(.ARM.exidx) refers to __rtentry2.o(.ARM.Collect$$rtentry$$0000000A) for .ARM.Collect$$rtentry$$0000000A
    __rtentry2.o(.ARM.exidx) refers to __rtentry2.o(.ARM.Collect$$rtentry$$0000000B) for .ARM.Collect$$rtentry$$0000000B
    __rtentry2.o(.ARM.exidx) refers to __rtentry2.o(.ARM.Collect$$rtentry$$0000000D) for .ARM.Collect$$rtentry$$0000000D
    __rtentry4.o(.ARM.Collect$$rtentry$$00000004) refers to sys_stackheap_outer.o(.text) for __user_setup_stackheap
    __rtentry4.o(.ARM.exidx) refers to __rtentry4.o(.ARM.Collect$$rtentry$$00000004) for .ARM.Collect$$rtentry$$00000004
    sys_stackheap_outer.o(.text) refers to libspace.o(.text) for __user_perproc_libspace
    sys_stackheap_outer.o(.text) refers to startup.o(.text) for __user_initial_stackheap
    exit.o(.text) refers to rtexit.o(.ARM.Collect$$rtexit$$00000000) for __rt_exit
    libinit.o(.ARM.Collect$$libinit$$00000000) refers (Special) to libinit2.o(.ARM.Collect$$libinit$$00000030) for __rt_lib_init_alloca_1
    libinit.o(.ARM.Collect$$libinit$$00000000) refers (Special) to libinit2.o(.ARM.Collect$$libinit$$0000002E) for __rt_lib_init_argv_1
    libinit.o(.ARM.Collect$$libinit$$00000000) refers (Special) to libinit2.o(.ARM.Collect$$libinit$$0000001D) for __rt_lib_init_atexit_1
    libinit.o(.ARM.Collect$$libinit$$00000000) refers (Special) to libinit2.o(.ARM.Collect$$libinit$$00000023) for __rt_lib_init_clock_1
    libinit.o(.ARM.Collect$$libinit$$00000000) refers (Special) to libinit2.o(.ARM.Collect$$libinit$$00000034) for __rt_lib_init_cpp_1
    libinit.o(.ARM.Collect$$libinit$$00000000) refers (Special) to libinit2.o(.ARM.Collect$$libinit$$00000032) for __rt_lib_init_exceptions_1
    libinit.o(.ARM.Collect$$libinit$$00000000) refers (Special) to libinit2.o(.ARM.Collect$$libinit$$00000002) for __rt_lib_init_fp_1
    libinit.o(.ARM.Collect$$libinit$$00000000) refers (Special) to libinit2.o(.ARM.Collect$$libinit$$00000021) for __rt_lib_init_fp_trap_1
    libinit.o(.ARM.Collect$$libinit$$00000000) refers (Special) to libinit2.o(.ARM.Collect$$libinit$$00000025) for __rt_lib_init_getenv_1
    libinit.o(.ARM.Collect$$libinit$$00000000) refers (Special) to libinit2.o(.ARM.Collect$$libinit$$0000000C) for __rt_lib_init_heap_1
    libinit.o(.ARM.Collect$$libinit$$00000000) refers (Special) to libinit2.o(.ARM.Collect$$libinit$$00000013) for __rt_lib_init_lc_collate_1
    libinit.o(.ARM.Collect$$libinit$$00000000) refers (Special) to libinit2.o(.ARM.Collect$$libinit$$00000015) for __rt_lib_init_lc_ctype_1
    libinit.o(.ARM.Collect$$libinit$$00000000) refers (Special) to libinit2.o(.ARM.Collect$$libinit$$00000017) for __rt_lib_init_lc_monetary_1
    libinit.o(.ARM.Collect$$libinit$$00000000) refers (Special) to libinit2.o(.ARM.Collect$$libinit$$00000019) for __rt_lib_init_lc_numeric_1
    libinit.o(.ARM.Collect$$libinit$$00000000) refers (Special) to libinit2.o(.ARM.Collect$$libinit$$0000001B) for __rt_lib_init_lc_time_1
    libinit.o(.ARM.Collect$$libinit$$00000000) refers (Special) to libinit2.o(.ARM.Collect$$libinit$$00000006) for __rt_lib_init_preinit_1
    libinit.o(.ARM.Collect$$libinit$$00000000) refers (Special) to libinit2.o(.ARM.Collect$$libinit$$00000010) for __rt_lib_init_rand_1
    libinit.o(.ARM.Collect$$libinit$$00000000) refers (Special) to libinit2.o(.ARM.Collect$$libinit$$00000004) for __rt_lib_init_relocate_pie_1
    libinit.o(.ARM.Collect$$libinit$$00000000) refers (Special) to libinit2.o(.ARM.Collect$$libinit$$00000035) for __rt_lib_init_return
    libinit.o(.ARM.Collect$$libinit$$00000000) refers (Special) to libinit2.o(.ARM.Collect$$libinit$$0000001F) for __rt_lib_init_signal_1
    libinit.o(.ARM.Collect$$libinit$$00000000) refers (Special) to libinit2.o(.ARM.Collect$$libinit$$00000027) for __rt_lib_init_stdio_1
    libinit.o(.ARM.Collect$$libinit$$00000000) refers (Special) to libinit2.o(.ARM.Collect$$libinit$$0000000E) for __rt_lib_init_user_alloc_1
    libspace.o(.text) refers to libspace.o(.bss) for __libspace_start
    rtexit.o(.ARM.Collect$$rtexit$$00000000) refers (Special) to rtexit2.o(.ARM.Collect$$rtexit$$00000004) for __rt_exit_exit
    rtexit.o(.ARM.Collect$$rtexit$$00000000) refers (Special) to rtexit2.o(.ARM.Collect$$rtexit$$00000003) for __rt_exit_ls
    rtexit.o(.ARM.Collect$$rtexit$$00000000) refers (Special) to rtexit2.o(.ARM.Collect$$rtexit$$00000002) for __rt_exit_prels_1
    rtexit.o(.ARM.exidx) refers (Special) to rtexit2.o(.ARM.Collect$$rtexit$$00000004) for __rt_exit_exit
    rtexit.o(.ARM.exidx) refers (Special) to rtexit2.o(.ARM.Collect$$rtexit$$00000003) for __rt_exit_ls
    rtexit.o(.ARM.exidx) refers (Special) to rtexit2.o(.ARM.Collect$$rtexit$$00000002) for __rt_exit_prels_1
    rtexit.o(.ARM.exidx) refers to rtexit.o(.ARM.Collect$$rtexit$$00000000) for .ARM.Collect$$rtexit$$00000000
    libinit2.o(.ARM.Collect$$libinit$$00000012) refers to libinit2.o(.ARM.Collect$$libinit$$00000011) for .ARM.Collect$$libinit$$00000011
    libinit2.o(.ARM.Collect$$libinit$$00000014) refers to libinit2.o(.ARM.Collect$$libinit$$00000011) for .ARM.Collect$$libinit$$00000011
    libinit2.o(.ARM.Collect$$libinit$$00000016) refers to libinit2.o(.ARM.Collect$$libinit$$00000011) for .ARM.Collect$$libinit$$00000011
    libinit2.o(.ARM.Collect$$libinit$$00000018) refers to libinit2.o(.ARM.Collect$$libinit$$00000011) for .ARM.Collect$$libinit$$00000011
    libinit2.o(.ARM.Collect$$libinit$$0000001A) refers to libinit2.o(.ARM.Collect$$libinit$$00000011) for .ARM.Collect$$libinit$$00000011
    libinit2.o(.ARM.Collect$$libinit$$00000028) refers to argv_veneer.o(.emb_text) for __ARM_argv_veneer
    libinit2.o(.ARM.Collect$$libinit$$00000029) refers to argv_veneer.o(.emb_text) for __ARM_argv_veneer
    rtexit2.o(.ARM.Collect$$rtexit$$00000003) refers to libshutdown.o(.ARM.Collect$$libshutdown$$00000000) for __rt_lib_shutdown
    rtexit2.o(.ARM.Collect$$rtexit$$00000004) refers to sys_exit.o(.text) for _sys_exit
    rtexit2.o(.ARM.exidx) refers to rtexit2.o(.ARM.Collect$$rtexit$$00000001) for .ARM.Collect$$rtexit$$00000001
    rtexit2.o(.ARM.exidx) refers to rtexit2.o(.ARM.Collect$$rtexit$$00000003) for .ARM.Collect$$rtexit$$00000003
    rtexit2.o(.ARM.exidx) refers to rtexit2.o(.ARM.Collect$$rtexit$$00000004) for .ARM.Collect$$rtexit$$00000004
    argv_veneer.o(.emb_text) refers to no_argv.o(.text) for __ARM_get_argv
    sys_exit.o(.text) refers (Special) to use_no_semi.o(.text) for __I$use$semihosting
    sys_exit.o(.text) refers (Special) to indicate_semi.o(.text) for __semihosting_library_function
    sys_exit_hlt.o(.text) refers (Special) to use_no_semi.o(.text) for __I$use$semihosting
    sys_exit_hlt.o(.text) refers (Special) to indicate_semi.o(.text) for __semihosting_library_function
    _get_argv_nomalloc.o(.text) refers (Special) to hrguard.o(.text) for __heap_region$guard
    _get_argv_nomalloc.o(.text) refers to defsig_rtmem_outer.o(.text) for __rt_SIGRTMEM
    _get_argv_nomalloc.o(.text) refers to sys_command.o(.text) for _sys_command_string
    libshutdown.o(.ARM.Collect$$libshutdown$$00000000) refers (Special) to libshutdown2.o(.ARM.Collect$$libshutdown$$00000002) for __rt_lib_shutdown_cpp_1
    libshutdown.o(.ARM.Collect$$libshutdown$$00000000) refers (Special) to libshutdown2.o(.ARM.Collect$$libshutdown$$00000007) for __rt_lib_shutdown_fp_trap_1
    libshutdown.o(.ARM.Collect$$libshutdown$$00000000) refers (Special) to libshutdown2.o(.ARM.Collect$$libshutdown$$0000000F) for __rt_lib_shutdown_heap_1
    libshutdown.o(.ARM.Collect$$libshutdown$$00000000) refers (Special) to libshutdown2.o(.ARM.Collect$$libshutdown$$00000010) for __rt_lib_shutdown_return
    libshutdown.o(.ARM.Collect$$libshutdown$$00000000) refers (Special) to libshutdown2.o(.ARM.Collect$$libshutdown$$0000000A) for __rt_lib_shutdown_signal_1
    libshutdown.o(.ARM.Collect$$libshutdown$$00000000) refers (Special) to libshutdown2.o(.ARM.Collect$$libshutdown$$00000004) for __rt_lib_shutdown_stdio_1
    libshutdown.o(.ARM.Collect$$libshutdown$$00000000) refers (Special) to libshutdown2.o(.ARM.Collect$$libshutdown$$0000000C) for __rt_lib_shutdown_user_alloc_1
    sys_command.o(.text) refers (Special) to use_no_semi.o(.text) for __I$use$semihosting
    sys_command.o(.text) refers (Special) to indicate_semi.o(.text) for __semihosting_library_function
    sys_command_hlt.o(.text) refers (Special) to use_no_semi.o(.text) for __I$use$semihosting
    sys_command_hlt.o(.text) refers (Special) to indicate_semi.o(.text) for __semihosting_library_function
    defsig_rtmem_outer.o(.text) refers to defsig_rtmem_inner.o(.text) for __rt_SIGRTMEM_inner
    defsig_rtmem_outer.o(.text) refers to defsig_exit.o(.text) for __sig_exit
    defsig_rtmem_formal.o(.text) refers to rt_raise.o(.text) for __rt_raise
    rt_raise.o(.text) refers to __raise.o(.text) for __raise
    rt_raise.o(.text) refers to sys_exit.o(.text) for _sys_exit
    defsig_exit.o(.text) refers to sys_exit.o(.text) for _sys_exit
    defsig_rtmem_inner.o(.text) refers to defsig_general.o(.text) for __default_signal_display
    __raise.o(.text) refers to defsig.o(CL$$defsig) for __default_signal_handler
    defsig_general.o(.text) refers to sys_wrch.o(.text) for _ttywrch
    sys_wrch.o(.text) refers (Special) to use_no_semi.o(.text) for __I$use$semihosting
    sys_wrch.o(.text) refers (Special) to indicate_semi.o(.text) for __semihosting_library_function
    sys_wrch_hlt.o(.text) refers (Special) to use_no_semi.o(.text) for __I$use$semihosting
    sys_wrch_hlt.o(.text) refers (Special) to indicate_semi.o(.text) for __semihosting_library_function
    defsig.o(CL$$defsig) refers to defsig_rtmem_inner.o(.text) for __rt_SIGRTMEM_inner
    defsig_abrt_inner.o(.text) refers to defsig_general.o(.text) for __default_signal_display
    defsig_fpe_inner.o(.text) refers to defsig_general.o(.text) for __default_signal_display
    defsig_rtred_inner.o(.text) refers to defsig_general.o(.text) for __default_signal_display
    defsig_stak_inner.o(.text) refers to defsig_general.o(.text) for __default_signal_display
    defsig_pvfn_inner.o(.text) refers to defsig_general.o(.text) for __default_signal_display
    defsig_cppl_inner.o(.text) refers to defsig_general.o(.text) for __default_signal_display
    defsig_segv_inner.o(.text) refers to defsig_general.o(.text) for __default_signal_display
    defsig_other.o(.text) refers to defsig_general.o(.text) for __default_signal_display


==============================================================================

Removing Unused input sections from the image.

    Removing led.o(.text), (0 bytes).
    Removing led.o(.ARM.exidx.text.LEDSW_Init), (8 bytes).
    Removing blt.o(.text), (0 bytes).
    Removing blt.o(.ARM.exidx.text.BLT_Init), (8 bytes).
    Removing blt.o(.text.BLT_OutChar), (46 bytes).
    Removing blt.o(.ARM.exidx.text.BLT_OutChar), (8 bytes).
    Removing blt.o(.text.BLT_OutString), (36 bytes).
    Removing blt.o(.ARM.exidx.text.BLT_OutString), (8 bytes).
    Removing blt.o(.ARM.exidx.text.BLT_InChar), (8 bytes).
    Removing blt.o(.text.BLT_InString), (80 bytes).
    Removing blt.o(.ARM.exidx.text.BLT_InString), (8 bytes).
    Removing blt.o(.ARM.exidx.text.UART0_OutChar), (8 bytes).
    Removing bltcontrolledcar.o(.text), (0 bytes).
    Removing bltcontrolledcar.o(.ARM.exidx.text.main), (8 bytes).
    Removing bltcontrolledcar.o(.ARM.exidx.text.mode1), (8 bytes).
    Removing bltcontrolledcar.o(.ARM.exidx.text.mode2), (8 bytes).
    Removing bltcontrolledcar.o(.ARM.exidx.text.GPIOPortF_Handler), (8 bytes).
    Removing bltcontrolledcar.o(.ARM.use_no_argv), (4 bytes).
    Removing pwm.o(.text), (0 bytes).
    Removing pwm.o(.ARM.exidx.text.PWM_Init), (8 bytes).
    Removing pwm.o(.ARM.exidx.text.PWM_Duty), (8 bytes).
    Removing movement.o(.text), (0 bytes).
    Removing movement.o(.ARM.exidx.text.Direction_Init), (8 bytes).
    Removing movement.o(.ARM.exidx.text.move_forward), (8 bytes).
    Removing movement.o(.ARM.exidx.text.move_backward), (8 bytes).
    Removing movement.o(.ARM.exidx.text.speed_up), (8 bytes).
    Removing movement.o(.ARM.exidx.text.slow_down), (8 bytes).
    Removing movement.o(.ARM.exidx.text.stop), (8 bytes).
    Removing movement.o(.ARM.exidx.text.Delay), (8 bytes).
    Removing movement.o(.ARM.exidx.text.pivot_90_right), (8 bytes).
    Removing movement.o(.ARM.exidx.text.pivot_90_left), (8 bytes).
    Removing movement.o(.ARM.exidx.text.pivot_45_right), (8 bytes).
    Removing movement.o(.ARM.exidx.text.pivot_45_left), (8 bytes).
    Removing movement.o(.ARM.exidx.text.wide_right), (8 bytes).
    Removing movement.o(.ARM.exidx.text.wide_left), (8 bytes).
    Removing movement.o(.ARM.exidx.text.figure_eight), (8 bytes).
    Removing movement.o(.ARM.exidx.text.circle), (8 bytes).
    Removing movement.o(.ARM.exidx.text.square), (8 bytes).
    Removing movement.o(.ARM.exidx.text.zigzag), (8 bytes).
    Removing movement.o(.ARM.exidx.text.SysTick_Init), (8 bytes).
    Removing movement.o(.ARM.exidx.text.SysTick_Wait), (8 bytes).
    Removing movement.o(.text.Delay_half), (32 bytes).
    Removing movement.o(.ARM.exidx.text.Delay_half), (8 bytes).

43 unused section(s) (total 462 bytes) removed from the image.

==============================================================================

Image Symbol Table

    Local Symbols

    Symbol Name                              Value     Ov Type        Size  Object(Section)

    ../clib/angel/boardlib.s                 0x00000000   Number         0  boardinit1.o ABSOLUTE
    ../clib/angel/boardlib.s                 0x00000000   Number         0  boardinit2.o ABSOLUTE
    ../clib/angel/boardlib.s                 0x00000000   Number         0  boardinit3.o ABSOLUTE
    ../clib/angel/boardlib.s                 0x00000000   Number         0  boardshut.o ABSOLUTE
    ../clib/angel/handlers.s                 0x00000000   Number         0  __scatter_copy.o ABSOLUTE
    ../clib/angel/handlers.s                 0x00000000   Number         0  __scatter_zi.o ABSOLUTE
    ../clib/angel/kernel.s                   0x00000000   Number         0  __rtentry.o ABSOLUTE
    ../clib/angel/kernel.s                   0x00000000   Number         0  __rtentry2.o ABSOLUTE
    ../clib/angel/kernel.s                   0x00000000   Number         0  __rtentry4.o ABSOLUTE
    ../clib/angel/kernel.s                   0x00000000   Number         0  rtexit.o ABSOLUTE
    ../clib/angel/kernel.s                   0x00000000   Number         0  rtexit2.o ABSOLUTE
    ../clib/angel/rt.s                       0x00000000   Number         0  rt_raise.o ABSOLUTE
    ../clib/angel/scatter.s                  0x00000000   Number         0  __scatter.o ABSOLUTE
    ../clib/angel/startup.s                  0x00000000   Number         0  __main.o ABSOLUTE
    ../clib/angel/sys.s                      0x00000000   Number         0  sys_stackheap_outer.o ABSOLUTE
    ../clib/angel/sys.s                      0x00000000   Number         0  libspace.o ABSOLUTE
    ../clib/angel/sys.s                      0x00000000   Number         0  use_no_semi.o ABSOLUTE
    ../clib/angel/sys.s                      0x00000000   Number         0  indicate_semi.o ABSOLUTE
    ../clib/angel/sysapp.c                   0x00000000   Number         0  sys_exit.o ABSOLUTE
    ../clib/angel/sysapp.c                   0x00000000   Number         0  sys_exit_hlt.o ABSOLUTE
    ../clib/angel/sysapp.c                   0x00000000   Number         0  sys_command.o ABSOLUTE
    ../clib/angel/sysapp.c                   0x00000000   Number         0  sys_command_hlt.o ABSOLUTE
    ../clib/angel/sysapp.c                   0x00000000   Number         0  sys_wrch.o ABSOLUTE
    ../clib/angel/sysapp.c                   0x00000000   Number         0  sys_wrch_hlt.o ABSOLUTE
    ../clib/armsys.c                         0x00000000   Number         0  argv_veneer.o ABSOLUTE
    ../clib/armsys.c                         0x00000000   Number         0  argv_veneer.o ABSOLUTE
    ../clib/armsys.c                         0x00000000   Number         0  _get_argv_nomalloc.o ABSOLUTE
    ../clib/armsys.c                         0x00000000   Number         0  no_argv.o ABSOLUTE
    ../clib/heapalloc.c                      0x00000000   Number         0  hrguard.o ABSOLUTE
    ../clib/heapaux.c                        0x00000000   Number         0  heapauxi.o ABSOLUTE
    ../clib/libinit.s                        0x00000000   Number         0  libinit.o ABSOLUTE
    ../clib/libinit.s                        0x00000000   Number         0  libinit2.o ABSOLUTE
    ../clib/libinit.s                        0x00000000   Number         0  libshutdown.o ABSOLUTE
    ../clib/libinit.s                        0x00000000   Number         0  libshutdown2.o ABSOLUTE
    ../clib/signal.c                         0x00000000   Number         0  defsig_rtmem_outer.o ABSOLUTE
    ../clib/signal.c                         0x00000000   Number         0  defsig_rtmem_formal.o ABSOLUTE
    ../clib/signal.c                         0x00000000   Number         0  defsig_exit.o ABSOLUTE
    ../clib/signal.c                         0x00000000   Number         0  defsig_rtmem_inner.o ABSOLUTE
    ../clib/signal.c                         0x00000000   Number         0  __raise.o ABSOLUTE
    ../clib/signal.c                         0x00000000   Number         0  defsig_general.o ABSOLUTE
    ../clib/signal.c                         0x00000000   Number         0  defsig_abrt_inner.o ABSOLUTE
    ../clib/signal.c                         0x00000000   Number         0  defsig_fpe_inner.o ABSOLUTE
    ../clib/signal.c                         0x00000000   Number         0  defsig_rtred_inner.o ABSOLUTE
    ../clib/signal.c                         0x00000000   Number         0  defsig_stak_inner.o ABSOLUTE
    ../clib/signal.c                         0x00000000   Number         0  defsig_pvfn_inner.o ABSOLUTE
    ../clib/signal.c                         0x00000000   Number         0  defsig_cppl_inner.o ABSOLUTE
    ../clib/signal.c                         0x00000000   Number         0  defsig_segv_inner.o ABSOLUTE
    ../clib/signal.c                         0x00000000   Number         0  defsig_other.o ABSOLUTE
    ../clib/signal.s                         0x00000000   Number         0  defsig.o ABSOLUTE
    ../clib/stdlib.c                         0x00000000   Number         0  exit.o ABSOLUTE
    ../fplib/fpinit.s                        0x00000000   Number         0  fpinit.o ABSOLUTE
    ../fplib/fpinit_empty.s                  0x00000000   Number         0  fpinit_empty.o ABSOLUTE
    BLT.c                                    0x00000000   Number         0  blt.o ABSOLUTE
    BltControlledCar.c                       0x00000000   Number         0  bltcontrolledcar.o ABSOLUTE
    LED.c                                    0x00000000   Number         0  led.o ABSOLUTE
    Movement.c                               0x00000000   Number         0  movement.o ABSOLUTE
    PWM.c                                    0x00000000   Number         0  pwm.o ABSOLUTE
    dc.s                                     0x00000000   Number         0  dc.o ABSOLUTE
    startup.s                                0x00000000   Number         0  startup.o ABSOLUTE
    RESET                                    0x00000000   Section      644  startup.o(RESET)
    !!!main                                  0x00000284   Section        8  __main.o(!!!main)
    !!!scatter                               0x0000028c   Section       92  __scatter.o(!!!scatter)
    !!handler_copy                           0x000002e8   Section       26  __scatter_copy.o(!!handler_copy)
    !!handler_null                           0x00000304   Section        2  __scatter.o(!!handler_null)
    !!handler_zi                             0x00000308   Section       28  __scatter_zi.o(!!handler_zi)
    .ARM.Collect$$libinit$$00000000          0x00000324   Section        2  libinit.o(.ARM.Collect$$libinit$$00000000)
    .ARM.Collect$$libinit$$00000002          0x00000326   Section        0  libinit2.o(.ARM.Collect$$libinit$$00000002)
    .ARM.Collect$$libinit$$00000004          0x00000326   Section        0  libinit2.o(.ARM.Collect$$libinit$$00000004)
    .ARM.Collect$$libinit$$00000006          0x00000326   Section        0  libinit2.o(.ARM.Collect$$libinit$$00000006)
    .ARM.Collect$$libinit$$0000000C          0x00000326   Section        0  libinit2.o(.ARM.Collect$$libinit$$0000000C)
    .ARM.Collect$$libinit$$0000000E          0x00000326   Section        0  libinit2.o(.ARM.Collect$$libinit$$0000000E)
    .ARM.Collect$$libinit$$00000010          0x00000326   Section        0  libinit2.o(.ARM.Collect$$libinit$$00000010)
    .ARM.Collect$$libinit$$00000013          0x00000326   Section        0  libinit2.o(.ARM.Collect$$libinit$$00000013)
    .ARM.Collect$$libinit$$00000015          0x00000326   Section        0  libinit2.o(.ARM.Collect$$libinit$$00000015)
    .ARM.Collect$$libinit$$00000017          0x00000326   Section        0  libinit2.o(.ARM.Collect$$libinit$$00000017)
    .ARM.Collect$$libinit$$00000019          0x00000326   Section        0  libinit2.o(.ARM.Collect$$libinit$$00000019)
    .ARM.Collect$$libinit$$0000001B          0x00000326   Section        0  libinit2.o(.ARM.Collect$$libinit$$0000001B)
    .ARM.Collect$$libinit$$0000001D          0x00000326   Section        0  libinit2.o(.ARM.Collect$$libinit$$0000001D)
    .ARM.Collect$$libinit$$0000001F          0x00000326   Section        0  libinit2.o(.ARM.Collect$$libinit$$0000001F)
    .ARM.Collect$$libinit$$00000021          0x00000326   Section        0  libinit2.o(.ARM.Collect$$libinit$$00000021)
    .ARM.Collect$$libinit$$00000023          0x00000326   Section        0  libinit2.o(.ARM.Collect$$libinit$$00000023)
    .ARM.Collect$$libinit$$00000025          0x00000326   Section        0  libinit2.o(.ARM.Collect$$libinit$$00000025)
    .ARM.Collect$$libinit$$00000027          0x00000326   Section        0  libinit2.o(.ARM.Collect$$libinit$$00000027)
    .ARM.Collect$$libinit$$0000002E          0x00000326   Section        0  libinit2.o(.ARM.Collect$$libinit$$0000002E)
    .ARM.Collect$$libinit$$00000030          0x00000326   Section        0  libinit2.o(.ARM.Collect$$libinit$$00000030)
    .ARM.Collect$$libinit$$00000032          0x00000326   Section        0  libinit2.o(.ARM.Collect$$libinit$$00000032)
    .ARM.Collect$$libinit$$00000034          0x00000326   Section        0  libinit2.o(.ARM.Collect$$libinit$$00000034)
    .ARM.Collect$$libinit$$00000035          0x00000326   Section        2  libinit2.o(.ARM.Collect$$libinit$$00000035)
    .ARM.Collect$$libshutdown$$00000000      0x00000328   Section        2  libshutdown.o(.ARM.Collect$$libshutdown$$00000000)
    .ARM.Collect$$libshutdown$$00000002      0x0000032a   Section        0  libshutdown2.o(.ARM.Collect$$libshutdown$$00000002)
    .ARM.Collect$$libshutdown$$00000004      0x0000032a   Section        0  libshutdown2.o(.ARM.Collect$$libshutdown$$00000004)
    .ARM.Collect$$libshutdown$$00000007      0x0000032a   Section        0  libshutdown2.o(.ARM.Collect$$libshutdown$$00000007)
    .ARM.Collect$$libshutdown$$0000000A      0x0000032a   Section        0  libshutdown2.o(.ARM.Collect$$libshutdown$$0000000A)
    .ARM.Collect$$libshutdown$$0000000C      0x0000032a   Section        0  libshutdown2.o(.ARM.Collect$$libshutdown$$0000000C)
    .ARM.Collect$$libshutdown$$0000000F      0x0000032a   Section        0  libshutdown2.o(.ARM.Collect$$libshutdown$$0000000F)
    .ARM.Collect$$libshutdown$$00000010      0x0000032a   Section        2  libshutdown2.o(.ARM.Collect$$libshutdown$$00000010)
    .ARM.Collect$$rtentry$$00000000          0x0000032c   Section        0  __rtentry.o(.ARM.Collect$$rtentry$$00000000)
    .ARM.Collect$$rtentry$$00000002          0x0000032c   Section        0  __rtentry2.o(.ARM.Collect$$rtentry$$00000002)
    .ARM.Collect$$rtentry$$00000004          0x0000032c   Section        6  __rtentry4.o(.ARM.Collect$$rtentry$$00000004)
    .ARM.Collect$$rtentry$$00000009          0x00000332   Section        0  __rtentry2.o(.ARM.Collect$$rtentry$$00000009)
    .ARM.Collect$$rtentry$$0000000A          0x00000332   Section        4  __rtentry2.o(.ARM.Collect$$rtentry$$0000000A)
    .ARM.Collect$$rtentry$$0000000C          0x00000336   Section        0  __rtentry2.o(.ARM.Collect$$rtentry$$0000000C)
    .ARM.Collect$$rtentry$$0000000D          0x00000336   Section        8  __rtentry2.o(.ARM.Collect$$rtentry$$0000000D)
    .ARM.Collect$$rtexit$$00000000           0x0000033e   Section        2  rtexit.o(.ARM.Collect$$rtexit$$00000000)
    .ARM.Collect$$rtexit$$00000002           0x00000340   Section        0  rtexit2.o(.ARM.Collect$$rtexit$$00000002)
    .ARM.Collect$$rtexit$$00000003           0x00000340   Section        4  rtexit2.o(.ARM.Collect$$rtexit$$00000003)
    .ARM.Collect$$rtexit$$00000004           0x00000344   Section        6  rtexit2.o(.ARM.Collect$$rtexit$$00000004)
    .text                                    0x0000034c   Section       48  startup.o(.text)
    .text                                    0x0000037c   Section        0  heapauxi.o(.text)
    .text                                    0x00000382   Section       74  sys_stackheap_outer.o(.text)
    .text                                    0x000003cc   Section        0  exit.o(.text)
    .text                                    0x000003e0   Section        8  libspace.o(.text)
    .text                                    0x000003e8   Section        0  sys_exit.o(.text)
    .text                                    0x000003f4   Section        2  use_no_semi.o(.text)
    .text                                    0x000003f6   Section        0  indicate_semi.o(.text)
    [Anonymous Symbol]                       0x000003f8   Section        0  blt.o(.text.BLT_InChar)
    [Anonymous Symbol]                       0x0000041c   Section        0  blt.o(.text.BLT_Init)
    [Anonymous Symbol]                       0x00000568   Section        0  movement.o(.text.Delay)
    [Anonymous Symbol]                       0x00000578   Section        0  movement.o(.text.Direction_Init)
    [Anonymous Symbol]                       0x000005f4   Section        0  bltcontrolledcar.o(.text.GPIOPortF_Handler)
    [Anonymous Symbol]                       0x0000066c   Section        0  led.o(.text.LEDSW_Init)
    [Anonymous Symbol]                       0x0000078c   Section        0  pwm.o(.text.PWM_Duty)
    [Anonymous Symbol]                       0x000007b4   Section        0  pwm.o(.text.PWM_Init)
    [Anonymous Symbol]                       0x000008b4   Section        0  movement.o(.text.SysTick_Init)
    [Anonymous Symbol]                       0x000008e0   Section        0  movement.o(.text.SysTick_Wait)
    [Anonymous Symbol]                       0x00000928   Section        0  blt.o(.text.UART0_OutChar)
    [Anonymous Symbol]                       0x00000958   Section        0  movement.o(.text.circle)
    [Anonymous Symbol]                       0x00000984   Section        0  movement.o(.text.figure_eight)
    [Anonymous Symbol]                       0x000009d8   Section        0  bltcontrolledcar.o(.text.main)
    [Anonymous Symbol]                       0x00000a68   Section        0  bltcontrolledcar.o(.text.mode1)
    [Anonymous Symbol]                       0x00000ab8   Section        0  bltcontrolledcar.o(.text.mode2)
    [Anonymous Symbol]                       0x00000b1c   Section        0  movement.o(.text.move_backward)
    [Anonymous Symbol]                       0x00000b54   Section        0  movement.o(.text.move_forward)
    [Anonymous Symbol]                       0x00000b8c   Section        0  movement.o(.text.pivot_45_left)
    [Anonymous Symbol]                       0x00000bbc   Section        0  movement.o(.text.pivot_45_right)
    [Anonymous Symbol]                       0x00000bec   Section        0  movement.o(.text.pivot_90_left)
    [Anonymous Symbol]                       0x00000c20   Section        0  movement.o(.text.pivot_90_right)
    [Anonymous Symbol]                       0x00000c54   Section        0  movement.o(.text.slow_down)
    [Anonymous Symbol]                       0x00000cfc   Section        0  movement.o(.text.speed_up)
    [Anonymous Symbol]                       0x00000da4   Section        0  movement.o(.text.square)
    [Anonymous Symbol]                       0x00000de0   Section        0  movement.o(.text.stop)
    [Anonymous Symbol]                       0x00000e04   Section        0  movement.o(.text.wide_left)
    [Anonymous Symbol]                       0x00000e24   Section        0  movement.o(.text.wide_right)
    [Anonymous Symbol]                       0x00000e44   Section        0  movement.o(.text.zigzag)
    .bss                                     0x20000010   Section       96  libspace.o(.bss)
    HeapMem                                  0x20000078   Data           0  startup.o(HEAP)
    StackMem                                 0x20000078   Data           0  startup.o(STACK)
    HEAP                                     0x20000078   Section        0  startup.o(HEAP)
    STACK                                    0x20000078   Section     1024  startup.o(STACK)

    Global Symbols

    Symbol Name                              Value     Ov Type        Size  Object(Section)

    BuildAttributes$$THM_ISAv4$E$P$D$K$B$S$7EM$PE$A:L22UL41UL21$X:L11$S22US41US21$IEEE1$IW$~IW$USESV6$~STKCKD$USESV7$~SHL$OSPACE$ROPI$EBA8$UX$STANDARDLIB$REQ8$PRES8$EABIv2 0x00000000   Number         0  anon$$obj.o ABSOLUTE
    __Vectors                                0x00000000   Data           0  startup.o(RESET)
    __fp_init_empty                          0x00000000   Number         0  fpinit_empty.o ABSOLUTE
    __ARM_exceptions_init                     - Undefined Weak Reference
    __alloca_initialize                       - Undefined Weak Reference
    __arm_preinit_                            - Undefined Weak Reference
    __arm_relocate_pie_                       - Undefined Weak Reference
    __cpp_initialize__aeabi_                  - Undefined Weak Reference
    __cxa_finalize                            - Undefined Weak Reference
    __rt_locale                               - Undefined Weak Reference
    __sigvec_lookup                           - Undefined Weak Reference
    _atexit_init                              - Undefined Weak Reference
    _call_atexit_fns                          - Undefined Weak Reference
    _clock_init                               - Undefined Weak Reference
    _fp_trap_init                             - Undefined Weak Reference
    _fp_trap_shutdown                         - Undefined Weak Reference
    _get_lc_collate                           - Undefined Weak Reference
    _get_lc_ctype                             - Undefined Weak Reference
    _get_lc_monetary                          - Undefined Weak Reference
    _get_lc_numeric                           - Undefined Weak Reference
    _get_lc_time                              - Undefined Weak Reference
    _getenv_init                              - Undefined Weak Reference
    _handle_redirection                       - Undefined Weak Reference
    _init_alloc                               - Undefined Weak Reference
    _init_user_alloc                          - Undefined Weak Reference
    _initio                                   - Undefined Weak Reference
    _rand_init                                - Undefined Weak Reference
    _signal_finish                            - Undefined Weak Reference
    _signal_init                              - Undefined Weak Reference
    _terminate_alloc                          - Undefined Weak Reference
    _terminate_user_alloc                     - Undefined Weak Reference
    _terminateio                              - Undefined Weak Reference
    Reset_Handler                            0x0000026d   Thumb Code     0  startup.o(RESET)
    NMI_Handler                              0x00000271   Thumb Code     2  startup.o(RESET)
    HardFault_Handler                        0x00000273   Thumb Code     2  startup.o(RESET)
    MemManage_Handler                        0x00000275   Thumb Code     2  startup.o(RESET)
    BusFault_Handler                         0x00000277   Thumb Code     2  startup.o(RESET)
    UsageFault_Handler                       0x00000279   Thumb Code     2  startup.o(RESET)
    SVC_Handler                              0x0000027b   Thumb Code     2  startup.o(RESET)
    DebugMon_Handler                         0x0000027d   Thumb Code     2  startup.o(RESET)
    PendSV_Handler                           0x0000027f   Thumb Code     2  startup.o(RESET)
    SysTick_Handler                          0x00000281   Thumb Code     2  startup.o(RESET)
    ADC0Seq0_Handler                         0x00000283   Thumb Code     0  startup.o(RESET)
    ADC0Seq1_Handler                         0x00000283   Thumb Code     0  startup.o(RESET)
    ADC0Seq2_Handler                         0x00000283   Thumb Code     0  startup.o(RESET)
    ADC0Seq3_Handler                         0x00000283   Thumb Code     0  startup.o(RESET)
    ADC1Seq0_Handler                         0x00000283   Thumb Code     0  startup.o(RESET)
    ADC1Seq1_Handler                         0x00000283   Thumb Code     0  startup.o(RESET)
    ADC1Seq2_Handler                         0x00000283   Thumb Code     0  startup.o(RESET)
    ADC1Seq3_Handler                         0x00000283   Thumb Code     0  startup.o(RESET)
    CAN0_Handler                             0x00000283   Thumb Code     0  startup.o(RESET)
    CAN1_Handler                             0x00000283   Thumb Code     0  startup.o(RESET)
    CAN2_Handler                             0x00000283   Thumb Code     0  startup.o(RESET)
    Comp0_Handler                            0x00000283   Thumb Code     0  startup.o(RESET)
    Comp1_Handler                            0x00000283   Thumb Code     0  startup.o(RESET)
    Comp2_Handler                            0x00000283   Thumb Code     0  startup.o(RESET)
    Ethernet_Handler                         0x00000283   Thumb Code     0  startup.o(RESET)
    ExtBus_Handler                           0x00000283   Thumb Code     0  startup.o(RESET)
    FPU_Handler                              0x00000283   Thumb Code     0  startup.o(RESET)
    Fan0_Handler                             0x00000283   Thumb Code     0  startup.o(RESET)
    FlashCtl_Handler                         0x00000283   Thumb Code     0  startup.o(RESET)
    GPIOPortA_Handler                        0x00000283   Thumb Code     0  startup.o(RESET)
    GPIOPortB_Handler                        0x00000283   Thumb Code     0  startup.o(RESET)
    GPIOPortC_Handler                        0x00000283   Thumb Code     0  startup.o(RESET)
    GPIOPortD_Handler                        0x00000283   Thumb Code     0  startup.o(RESET)
    GPIOPortE_Handler                        0x00000283   Thumb Code     0  startup.o(RESET)
    GPIOPortG_Handler                        0x00000283   Thumb Code     0  startup.o(RESET)
    GPIOPortH_Handler                        0x00000283   Thumb Code     0  startup.o(RESET)
    GPIOPortJ_Handler                        0x00000283   Thumb Code     0  startup.o(RESET)
    GPIOPortK_Handler                        0x00000283   Thumb Code     0  startup.o(RESET)
    GPIOPortL_Handler                        0x00000283   Thumb Code     0  startup.o(RESET)
    GPIOPortM_Handler                        0x00000283   Thumb Code     0  startup.o(RESET)
    GPIOPortN_Handler                        0x00000283   Thumb Code     0  startup.o(RESET)
    GPIOPortP1_Handler                       0x00000283   Thumb Code     0  startup.o(RESET)
    GPIOPortP2_Handler                       0x00000283   Thumb Code     0  startup.o(RESET)
    GPIOPortP3_Handler                       0x00000283   Thumb Code     0  startup.o(RESET)
    GPIOPortP4_Handler                       0x00000283   Thumb Code     0  startup.o(RESET)
    GPIOPortP5_Handler                       0x00000283   Thumb Code     0  startup.o(RESET)
    GPIOPortP6_Handler                       0x00000283   Thumb Code     0  startup.o(RESET)
    GPIOPortP7_Handler                       0x00000283   Thumb Code     0  startup.o(RESET)
    GPIOPortP_Handler                        0x00000283   Thumb Code     0  startup.o(RESET)
    GPIOPortQ1_Handler                       0x00000283   Thumb Code     0  startup.o(RESET)
    GPIOPortQ2_Handler                       0x00000283   Thumb Code     0  startup.o(RESET)
    GPIOPortQ3_Handler                       0x00000283   Thumb Code     0  startup.o(RESET)
    GPIOPortQ4_Handler                       0x00000283   Thumb Code     0  startup.o(RESET)
    GPIOPortQ5_Handler                       0x00000283   Thumb Code     0  startup.o(RESET)
    GPIOPortQ6_Handler                       0x00000283   Thumb Code     0  startup.o(RESET)
    GPIOPortQ7_Handler                       0x00000283   Thumb Code     0  startup.o(RESET)
    GPIOPortQ_Handler                        0x00000283   Thumb Code     0  startup.o(RESET)
    GPIOPortR_Handler                        0x00000283   Thumb Code     0  startup.o(RESET)
    GPIOPortS_Handler                        0x00000283   Thumb Code     0  startup.o(RESET)
    Hibernate_Handler                        0x00000283   Thumb Code     0  startup.o(RESET)
    I2C0_Handler                             0x00000283   Thumb Code     0  startup.o(RESET)
    I2C1_Handler                             0x00000283   Thumb Code     0  startup.o(RESET)
    I2C2_Handler                             0x00000283   Thumb Code     0  startup.o(RESET)
    I2C3_Handler                             0x00000283   Thumb Code     0  startup.o(RESET)
    I2C4_Handler                             0x00000283   Thumb Code     0  startup.o(RESET)
    I2C5_Handler                             0x00000283   Thumb Code     0  startup.o(RESET)
    I2S0_Handler                             0x00000283   Thumb Code     0  startup.o(RESET)
    LPC0_Handler                             0x00000283   Thumb Code     0  startup.o(RESET)
    PECI0_Handler                            0x00000283   Thumb Code     0  startup.o(RESET)
    PWM0Fault_Handler                        0x00000283   Thumb Code     0  startup.o(RESET)
    PWM0Generator0_Handler                   0x00000283   Thumb Code     0  startup.o(RESET)
    PWM0Generator1_Handler                   0x00000283   Thumb Code     0  startup.o(RESET)
    PWM0Generator2_Handler                   0x00000283   Thumb Code     0  startup.o(RESET)
    PWM0Generator3_Handler                   0x00000283   Thumb Code     0  startup.o(RESET)
    PWM1Fault_Handler                        0x00000283   Thumb Code     0  startup.o(RESET)
    PWM1Generator0_Handler                   0x00000283   Thumb Code     0  startup.o(RESET)
    PWM1Generator1_Handler                   0x00000283   Thumb Code     0  startup.o(RESET)
    PWM1Generator2_Handler                   0x00000283   Thumb Code     0  startup.o(RESET)
    PWM1Generator3_Handler                   0x00000283   Thumb Code     0  startup.o(RESET)
    Quadrature0_Handler                      0x00000283   Thumb Code     0  startup.o(RESET)
    Quadrature1_Handler                      0x00000283   Thumb Code     0  startup.o(RESET)
    Quadrature2_Handler                      0x00000283   Thumb Code     0  startup.o(RESET)
    SSI0_Handler                             0x00000283   Thumb Code     0  startup.o(RESET)
    SSI1_Handler                             0x00000283   Thumb Code     0  startup.o(RESET)
    SSI2_Handler                             0x00000283   Thumb Code     0  startup.o(RESET)
    SSI3_Handler                             0x00000283   Thumb Code     0  startup.o(RESET)
    SysCtl_Handler                           0x00000283   Thumb Code     0  startup.o(RESET)
    Timer0A_Handler                          0x00000283   Thumb Code     0  startup.o(RESET)
    Timer0B_Handler                          0x00000283   Thumb Code     0  startup.o(RESET)
    Timer1A_Handler                          0x00000283   Thumb Code     0  startup.o(RESET)
    Timer1B_Handler                          0x00000283   Thumb Code     0  startup.o(RESET)
    Timer2A_Handler                          0x00000283   Thumb Code     0  startup.o(RESET)
    Timer2B_Handler                          0x00000283   Thumb Code     0  startup.o(RESET)
    Timer3A_Handler                          0x00000283   Thumb Code     0  startup.o(RESET)
    Timer3B_Handler                          0x00000283   Thumb Code     0  startup.o(RESET)
    Timer4A_Handler                          0x00000283   Thumb Code     0  startup.o(RESET)
    Timer4B_Handler                          0x00000283   Thumb Code     0  startup.o(RESET)
    Timer5A_Handler                          0x00000283   Thumb Code     0  startup.o(RESET)
    Timer5B_Handler                          0x00000283   Thumb Code     0  startup.o(RESET)
    UART0_Handler                            0x00000283   Thumb Code     0  startup.o(RESET)
    UART1_Handler                            0x00000283   Thumb Code     0  startup.o(RESET)
    UART2_Handler                            0x00000283   Thumb Code     0  startup.o(RESET)
    UART3_Handler                            0x00000283   Thumb Code     0  startup.o(RESET)
    UART4_Handler                            0x00000283   Thumb Code     0  startup.o(RESET)
    UART5_Handler                            0x00000283   Thumb Code     0  startup.o(RESET)
    UART6_Handler                            0x00000283   Thumb Code     0  startup.o(RESET)
    UART7_Handler                            0x00000283   Thumb Code     0  startup.o(RESET)
    USB0_Handler                             0x00000283   Thumb Code     0  startup.o(RESET)
    WDT_Handler                              0x00000283   Thumb Code     0  startup.o(RESET)
    WideTimer0A_Handler                      0x00000283   Thumb Code     0  startup.o(RESET)
    WideTimer0B_Handler                      0x00000283   Thumb Code     0  startup.o(RESET)
    WideTimer1A_Handler                      0x00000283   Thumb Code     0  startup.o(RESET)
    WideTimer1B_Handler                      0x00000283   Thumb Code     0  startup.o(RESET)
    WideTimer2A_Handler                      0x00000283   Thumb Code     0  startup.o(RESET)
    WideTimer2B_Handler                      0x00000283   Thumb Code     0  startup.o(RESET)
    WideTimer3A_Handler                      0x00000283   Thumb Code     0  startup.o(RESET)
    WideTimer3B_Handler                      0x00000283   Thumb Code     0  startup.o(RESET)
    WideTimer4A_Handler                      0x00000283   Thumb Code     0  startup.o(RESET)
    WideTimer4B_Handler                      0x00000283   Thumb Code     0  startup.o(RESET)
    WideTimer5A_Handler                      0x00000283   Thumb Code     0  startup.o(RESET)
    WideTimer5B_Handler                      0x00000283   Thumb Code     0  startup.o(RESET)
    uDMA_Error                               0x00000283   Thumb Code     0  startup.o(RESET)
    uDMA_Handler                             0x00000283   Thumb Code     0  startup.o(RESET)
    __main                                   0x00000285   Thumb Code     8  __main.o(!!!main)
    __scatterload                            0x0000028d   Thumb Code     0  __scatter.o(!!!scatter)
    __scatterload_rt2                        0x0000028d   Thumb Code    84  __scatter.o(!!!scatter)
    __scatterload_rt2_thumb_only             0x0000028d   Thumb Code     0  __scatter.o(!!!scatter)
    __scatterload_loop                       0x00000297   Thumb Code     0  __scatter.o(!!!scatter)
    __scatterload_copy                       0x000002e9   Thumb Code    26  __scatter_copy.o(!!handler_copy)
    __scatterload_null                       0x00000305   Thumb Code     2  __scatter.o(!!handler_null)
    __scatterload_zeroinit                   0x00000309   Thumb Code    28  __scatter_zi.o(!!handler_zi)
    __rt_lib_init                            0x00000325   Thumb Code     0  libinit.o(.ARM.Collect$$libinit$$00000000)
    __rt_lib_init_alloca_1                   0x00000327   Thumb Code     0  libinit2.o(.ARM.Collect$$libinit$$00000030)
    __rt_lib_init_argv_1                     0x00000327   Thumb Code     0  libinit2.o(.ARM.Collect$$libinit$$0000002E)
    __rt_lib_init_atexit_1                   0x00000327   Thumb Code     0  libinit2.o(.ARM.Collect$$libinit$$0000001D)
    __rt_lib_init_clock_1                    0x00000327   Thumb Code     0  libinit2.o(.ARM.Collect$$libinit$$00000023)
    __rt_lib_init_cpp_1                      0x00000327   Thumb Code     0  libinit2.o(.ARM.Collect$$libinit$$00000034)
    __rt_lib_init_exceptions_1               0x00000327   Thumb Code     0  libinit2.o(.ARM.Collect$$libinit$$00000032)
    __rt_lib_init_fp_1                       0x00000327   Thumb Code     0  libinit2.o(.ARM.Collect$$libinit$$00000002)
    __rt_lib_init_fp_trap_1                  0x00000327   Thumb Code     0  libinit2.o(.ARM.Collect$$libinit$$00000021)
    __rt_lib_init_getenv_1                   0x00000327   Thumb Code     0  libinit2.o(.ARM.Collect$$libinit$$00000025)
    __rt_lib_init_heap_1                     0x00000327   Thumb Code     0  libinit2.o(.ARM.Collect$$libinit$$0000000C)
    __rt_lib_init_lc_collate_1               0x00000327   Thumb Code     0  libinit2.o(.ARM.Collect$$libinit$$00000013)
    __rt_lib_init_lc_ctype_1                 0x00000327   Thumb Code     0  libinit2.o(.ARM.Collect$$libinit$$00000015)
    __rt_lib_init_lc_monetary_1              0x00000327   Thumb Code     0  libinit2.o(.ARM.Collect$$libinit$$00000017)
    __rt_lib_init_lc_numeric_1               0x00000327   Thumb Code     0  libinit2.o(.ARM.Collect$$libinit$$00000019)
    __rt_lib_init_lc_time_1                  0x00000327   Thumb Code     0  libinit2.o(.ARM.Collect$$libinit$$0000001B)
    __rt_lib_init_preinit_1                  0x00000327   Thumb Code     0  libinit2.o(.ARM.Collect$$libinit$$00000006)
    __rt_lib_init_rand_1                     0x00000327   Thumb Code     0  libinit2.o(.ARM.Collect$$libinit$$00000010)
    __rt_lib_init_relocate_pie_1             0x00000327   Thumb Code     0  libinit2.o(.ARM.Collect$$libinit$$00000004)
    __rt_lib_init_return                     0x00000327   Thumb Code     0  libinit2.o(.ARM.Collect$$libinit$$00000035)
    __rt_lib_init_signal_1                   0x00000327   Thumb Code     0  libinit2.o(.ARM.Collect$$libinit$$0000001F)
    __rt_lib_init_stdio_1                    0x00000327   Thumb Code     0  libinit2.o(.ARM.Collect$$libinit$$00000027)
    __rt_lib_init_user_alloc_1               0x00000327   Thumb Code     0  libinit2.o(.ARM.Collect$$libinit$$0000000E)
    __rt_lib_shutdown                        0x00000329   Thumb Code     0  libshutdown.o(.ARM.Collect$$libshutdown$$00000000)
    __rt_lib_shutdown_cpp_1                  0x0000032b   Thumb Code     0  libshutdown2.o(.ARM.Collect$$libshutdown$$00000002)
    __rt_lib_shutdown_fp_trap_1              0x0000032b   Thumb Code     0  libshutdown2.o(.ARM.Collect$$libshutdown$$00000007)
    __rt_lib_shutdown_heap_1                 0x0000032b   Thumb Code     0  libshutdown2.o(.ARM.Collect$$libshutdown$$0000000F)
    __rt_lib_shutdown_return                 0x0000032b   Thumb Code     0  libshutdown2.o(.ARM.Collect$$libshutdown$$00000010)
    __rt_lib_shutdown_signal_1               0x0000032b   Thumb Code     0  libshutdown2.o(.ARM.Collect$$libshutdown$$0000000A)
    __rt_lib_shutdown_stdio_1                0x0000032b   Thumb Code     0  libshutdown2.o(.ARM.Collect$$libshutdown$$00000004)
    __rt_lib_shutdown_user_alloc_1           0x0000032b   Thumb Code     0  libshutdown2.o(.ARM.Collect$$libshutdown$$0000000C)
    __rt_entry                               0x0000032d   Thumb Code     0  __rtentry.o(.ARM.Collect$$rtentry$$00000000)
    __rt_entry_presh_1                       0x0000032d   Thumb Code     0  __rtentry2.o(.ARM.Collect$$rtentry$$00000002)
    __rt_entry_sh                            0x0000032d   Thumb Code     0  __rtentry4.o(.ARM.Collect$$rtentry$$00000004)
    __rt_entry_li                            0x00000333   Thumb Code     0  __rtentry2.o(.ARM.Collect$$rtentry$$0000000A)
    __rt_entry_postsh_1                      0x00000333   Thumb Code     0  __rtentry2.o(.ARM.Collect$$rtentry$$00000009)
    __rt_entry_main                          0x00000337   Thumb Code     0  __rtentry2.o(.ARM.Collect$$rtentry$$0000000D)
    __rt_entry_postli_1                      0x00000337   Thumb Code     0  __rtentry2.o(.ARM.Collect$$rtentry$$0000000C)
    __rt_exit                                0x0000033f   Thumb Code     0  rtexit.o(.ARM.Collect$$rtexit$$00000000)
    __rt_exit_ls                             0x00000341   Thumb Code     0  rtexit2.o(.ARM.Collect$$rtexit$$00000003)
    __rt_exit_prels_1                        0x00000341   Thumb Code     0  rtexit2.o(.ARM.Collect$$rtexit$$00000002)
    __rt_exit_exit                           0x00000345   Thumb Code     0  rtexit2.o(.ARM.Collect$$rtexit$$00000004)
    DisableInterrupts                        0x0000034d   Thumb Code     0  startup.o(.text)
    EnableInterrupts                         0x00000351   Thumb Code     0  startup.o(.text)
    StartCritical                            0x00000355   Thumb Code     0  startup.o(.text)
    EndCritical                              0x0000035d   Thumb Code     0  startup.o(.text)
    WaitForInterrupt                         0x00000363   Thumb Code     0  startup.o(.text)
    __user_initial_stackheap                 0x00000367   Thumb Code     0  startup.o(.text)
    __use_two_region_memory                  0x0000037d   Thumb Code     2  heapauxi.o(.text)
    __rt_heap_escrow$2region                 0x0000037f   Thumb Code     2  heapauxi.o(.text)
    __rt_heap_expand$2region                 0x00000381   Thumb Code     2  heapauxi.o(.text)
    __user_setup_stackheap                   0x00000383   Thumb Code    74  sys_stackheap_outer.o(.text)
    exit                                     0x000003cd   Thumb Code    18  exit.o(.text)
    __user_libspace                          0x000003e1   Thumb Code     8  libspace.o(.text)
    __user_perproc_libspace                  0x000003e1   Thumb Code     0  libspace.o(.text)
    __user_perthread_libspace                0x000003e1   Thumb Code     0  libspace.o(.text)
    _sys_exit                                0x000003e9   Thumb Code     8  sys_exit.o(.text)
    __I$use$semihosting                      0x000003f5   Thumb Code     0  use_no_semi.o(.text)
    __use_no_semihosting_swi                 0x000003f5   Thumb Code     2  use_no_semi.o(.text)
    __semihosting_library_function           0x000003f7   Thumb Code     0  indicate_semi.o(.text)
    BLT_InChar                               0x000003f9   Thumb Code    36  blt.o(.text.BLT_InChar)
    BLT_Init                                 0x0000041d   Thumb Code   332  blt.o(.text.BLT_Init)
    Delay                                    0x00000569   Thumb Code    16  movement.o(.text.Delay)
    Direction_Init                           0x00000579   Thumb Code   124  movement.o(.text.Direction_Init)
    GPIOPortF_Handler                        0x000005f5   Thumb Code   118  bltcontrolledcar.o(.text.GPIOPortF_Handler)
    LEDSW_Init                               0x0000066d   Thumb Code   288  led.o(.text.LEDSW_Init)
    PWM_Duty                                 0x0000078d   Thumb Code    38  pwm.o(.text.PWM_Duty)
    PWM_Init                                 0x000007b5   Thumb Code   254  pwm.o(.text.PWM_Init)
    SysTick_Init                             0x000008b5   Thumb Code    42  movement.o(.text.SysTick_Init)
    SysTick_Wait                             0x000008e1   Thumb Code    72  movement.o(.text.SysTick_Wait)
    UART0_OutChar                            0x00000929   Thumb Code    46  blt.o(.text.UART0_OutChar)
    circle                                   0x00000959   Thumb Code    44  movement.o(.text.circle)
    figure_eight                             0x00000985   Thumb Code    82  movement.o(.text.figure_eight)
    main                                     0x000009d9   Thumb Code   142  bltcontrolledcar.o(.text.main)
    mode1                                    0x00000a69   Thumb Code    78  bltcontrolledcar.o(.text.mode1)
    mode2                                    0x00000ab9   Thumb Code    98  bltcontrolledcar.o(.text.mode2)
    move_backward                            0x00000b1d   Thumb Code    56  movement.o(.text.move_backward)
    move_forward                             0x00000b55   Thumb Code    56  movement.o(.text.move_forward)
    pivot_45_left                            0x00000b8d   Thumb Code    48  movement.o(.text.pivot_45_left)
    pivot_45_right                           0x00000bbd   Thumb Code    48  movement.o(.text.pivot_45_right)
    pivot_90_left                            0x00000bed   Thumb Code    50  movement.o(.text.pivot_90_left)
    pivot_90_right                           0x00000c21   Thumb Code    50  movement.o(.text.pivot_90_right)
    slow_down                                0x00000c55   Thumb Code   166  movement.o(.text.slow_down)
    speed_up                                 0x00000cfd   Thumb Code   166  movement.o(.text.speed_up)
    square                                   0x00000da5   Thumb Code    60  movement.o(.text.square)
    stop                                     0x00000de1   Thumb Code    34  movement.o(.text.stop)
    wide_left                                0x00000e05   Thumb Code    32  movement.o(.text.wide_left)
    wide_right                               0x00000e25   Thumb Code    32  movement.o(.text.wide_right)
    zigzag                                   0x00000e45   Thumb Code   130  movement.o(.text.zigzag)
    Region$$Table$$Base                      0x00000ec8   Number         0  anon$$obj.o(Region$$Table)
    Region$$Table$$Limit                     0x00000ee8   Number         0  anon$$obj.o(Region$$Table)
    CURRENT_SPEED_L                          0x20000000   Data           4  movement.o(.data.CURRENT_SPEED_L)
    CURRENT_SPEED_R                          0x20000004   Data           4  movement.o(.data.CURRENT_SPEED_R)
    isMode1                                  0x20000008   Data           1  bltcontrolledcar.o(.data.isMode1)
    __libspace_start                         0x20000010   Data          96  libspace.o(.bss)
    __temporary_stack_top$libspace           0x20000070   Data           0  libspace.o(.bss)
    control_symbol                           0x20000070   Data           1  bltcontrolledcar.o(.bss.control_symbol)
    isMode2                                  0x20000071   Data           1  bltcontrolledcar.o(.bss.isMode2)



==============================================================================

Memory Map of the image

  Image Entry point : 0x0000026d

  Load Region LR_1 (Base: 0x00000000, Size: 0x00000ef4, Max: 0xffffffff, ABSOLUTE)

    Execution Region ER_RO (Exec base: 0x00000000, Load base: 0x00000000, Size: 0x00000ee8, Max: 0xffffffff, ABSOLUTE)

    Exec Addr    Load Addr    Size         Type   Attr      Idx    E Section Name        Object

    0x00000000   0x00000000   0x00000284   Code   RO            3  * RESET               startup.o
    0x00000284   0x00000284   0x00000008   Code   RO          122  * !!!main             c_w.l(__main.o)
    0x0000028c   0x0000028c   0x0000005c   Code   RO          287    !!!scatter          c_w.l(__scatter.o)
    0x000002e8   0x000002e8   0x0000001a   Code   RO          291    !!handler_copy      c_w.l(__scatter_copy.o)
    0x00000302   0x00000302   0x00000002   PAD
    0x00000304   0x00000304   0x00000002   Code   RO          288    !!handler_null      c_w.l(__scatter.o)
    0x00000306   0x00000306   0x00000002   PAD
    0x00000308   0x00000308   0x0000001c   Code   RO          293    !!handler_zi        c_w.l(__scatter_zi.o)
    0x00000324   0x00000324   0x00000002   Code   RO          149    .ARM.Collect$$libinit$$00000000  c_w.l(libinit.o)
    0x00000326   0x00000326   0x00000000   Code   RO          156    .ARM.Collect$$libinit$$00000002  c_w.l(libinit2.o)
    0x00000326   0x00000326   0x00000000   Code   RO          158    .ARM.Collect$$libinit$$00000004  c_w.l(libinit2.o)
    0x00000326   0x00000326   0x00000000   Code   RO          160    .ARM.Collect$$libinit$$00000006  c_w.l(libinit2.o)
    0x00000326   0x00000326   0x00000000   Code   RO          163    .ARM.Collect$$libinit$$0000000C  c_w.l(libinit2.o)
    0x00000326   0x00000326   0x00000000   Code   RO          165    .ARM.Collect$$libinit$$0000000E  c_w.l(libinit2.o)
    0x00000326   0x00000326   0x00000000   Code   RO          167    .ARM.Collect$$libinit$$00000010  c_w.l(libinit2.o)
    0x00000326   0x00000326   0x00000000   Code   RO          170    .ARM.Collect$$libinit$$00000013  c_w.l(libinit2.o)
    0x00000326   0x00000326   0x00000000   Code   RO          172    .ARM.Collect$$libinit$$00000015  c_w.l(libinit2.o)
    0x00000326   0x00000326   0x00000000   Code   RO          174    .ARM.Collect$$libinit$$00000017  c_w.l(libinit2.o)
    0x00000326   0x00000326   0x00000000   Code   RO          176    .ARM.Collect$$libinit$$00000019  c_w.l(libinit2.o)
    0x00000326   0x00000326   0x00000000   Code   RO          178    .ARM.Collect$$libinit$$0000001B  c_w.l(libinit2.o)
    0x00000326   0x00000326   0x00000000   Code   RO          180    .ARM.Collect$$libinit$$0000001D  c_w.l(libinit2.o)
    0x00000326   0x00000326   0x00000000   Code   RO          182    .ARM.Collect$$libinit$$0000001F  c_w.l(libinit2.o)
    0x00000326   0x00000326   0x00000000   Code   RO          184    .ARM.Collect$$libinit$$00000021  c_w.l(libinit2.o)
    0x00000326   0x00000326   0x00000000   Code   RO          186    .ARM.Collect$$libinit$$00000023  c_w.l(libinit2.o)
    0x00000326   0x00000326   0x00000000   Code   RO          188    .ARM.Collect$$libinit$$00000025  c_w.l(libinit2.o)
    0x00000326   0x00000326   0x00000000   Code   RO          190    .ARM.Collect$$libinit$$00000027  c_w.l(libinit2.o)
    0x00000326   0x00000326   0x00000000   Code   RO          194    .ARM.Collect$$libinit$$0000002E  c_w.l(libinit2.o)
    0x00000326   0x00000326   0x00000000   Code   RO          196    .ARM.Collect$$libinit$$00000030  c_w.l(libinit2.o)
    0x00000326   0x00000326   0x00000000   Code   RO          198    .ARM.Collect$$libinit$$00000032  c_w.l(libinit2.o)
    0x00000326   0x00000326   0x00000000   Code   RO          200    .ARM.Collect$$libinit$$00000034  c_w.l(libinit2.o)
    0x00000326   0x00000326   0x00000002   Code   RO          201    .ARM.Collect$$libinit$$00000035  c_w.l(libinit2.o)
    0x00000328   0x00000328   0x00000002   Code   RO          223    .ARM.Collect$$libshutdown$$00000000  c_w.l(libshutdown.o)
    0x0000032a   0x0000032a   0x00000000   Code   RO          238    .ARM.Collect$$libshutdown$$00000002  c_w.l(libshutdown2.o)
    0x0000032a   0x0000032a   0x00000000   Code   RO          240    .ARM.Collect$$libshutdown$$00000004  c_w.l(libshutdown2.o)
    0x0000032a   0x0000032a   0x00000000   Code   RO          243    .ARM.Collect$$libshutdown$$00000007  c_w.l(libshutdown2.o)
    0x0000032a   0x0000032a   0x00000000   Code   RO          246    .ARM.Collect$$libshutdown$$0000000A  c_w.l(libshutdown2.o)
    0x0000032a   0x0000032a   0x00000000   Code   RO          248    .ARM.Collect$$libshutdown$$0000000C  c_w.l(libshutdown2.o)
    0x0000032a   0x0000032a   0x00000000   Code   RO          251    .ARM.Collect$$libshutdown$$0000000F  c_w.l(libshutdown2.o)
    0x0000032a   0x0000032a   0x00000002   Code   RO          252    .ARM.Collect$$libshutdown$$00000010  c_w.l(libshutdown2.o)
    0x0000032c   0x0000032c   0x00000000   Code   RO          124    .ARM.Collect$$rtentry$$00000000  c_w.l(__rtentry.o)
    0x0000032c   0x0000032c   0x00000000   Code   RO          126    .ARM.Collect$$rtentry$$00000002  c_w.l(__rtentry2.o)
    0x0000032c   0x0000032c   0x00000006   Code   RO          138    .ARM.Collect$$rtentry$$00000004  c_w.l(__rtentry4.o)
    0x00000332   0x00000332   0x00000000   Code   RO          128    .ARM.Collect$$rtentry$$00000009  c_w.l(__rtentry2.o)
    0x00000332   0x00000332   0x00000004   Code   RO          129    .ARM.Collect$$rtentry$$0000000A  c_w.l(__rtentry2.o)
    0x00000336   0x00000336   0x00000000   Code   RO          131    .ARM.Collect$$rtentry$$0000000C  c_w.l(__rtentry2.o)
    0x00000336   0x00000336   0x00000008   Code   RO          132    .ARM.Collect$$rtentry$$0000000D  c_w.l(__rtentry2.o)
    0x0000033e   0x0000033e   0x00000002   Code   RO          153    .ARM.Collect$$rtexit$$00000000  c_w.l(rtexit.o)
    0x00000340   0x00000340   0x00000000   Code   RO          203    .ARM.Collect$$rtexit$$00000002  c_w.l(rtexit2.o)
    0x00000340   0x00000340   0x00000004   Code   RO          204    .ARM.Collect$$rtexit$$00000003  c_w.l(rtexit2.o)
    0x00000344   0x00000344   0x00000006   Code   RO          205    .ARM.Collect$$rtexit$$00000004  c_w.l(rtexit2.o)
    0x0000034a   0x0000034a   0x00000002   PAD
    0x0000034c   0x0000034c   0x00000030   Code   RO            4    .text               startup.o
    0x0000037c   0x0000037c   0x00000006   Code   RO          120    .text               c_w.l(heapauxi.o)
    0x00000382   0x00000382   0x0000004a   Code   RO          140    .text               c_w.l(sys_stackheap_outer.o)
    0x000003cc   0x000003cc   0x00000012   Code   RO          142    .text               c_w.l(exit.o)
    0x000003de   0x000003de   0x00000002   PAD
    0x000003e0   0x000003e0   0x00000008   Code   RO          150    .text               c_w.l(libspace.o)
    0x000003e8   0x000003e8   0x0000000c   Code   RO          213    .text               c_w.l(sys_exit.o)
    0x000003f4   0x000003f4   0x00000002   Code   RO          228    .text               c_w.l(use_no_semi.o)
    0x000003f6   0x000003f6   0x00000000   Code   RO          230    .text               c_w.l(indicate_semi.o)
    0x000003f6   0x000003f6   0x00000002   PAD
    0x000003f8   0x000003f8   0x00000024   Code   RO           27    .text.BLT_InChar    blt.o
    0x0000041c   0x0000041c   0x0000014c   Code   RO           21    .text.BLT_Init      blt.o
    0x00000568   0x00000568   0x00000010   Code   RO           82    .text.Delay         movement.o
    0x00000578   0x00000578   0x0000007c   Code   RO           70    .text.Direction_Init  movement.o
    0x000005f4   0x000005f4   0x00000076   Code   RO           46    .text.GPIOPortF_Handler  bltcontrolledcar.o
    0x0000066a   0x0000066a   0x00000002   PAD
    0x0000066c   0x0000066c   0x00000120   Code   RO           13    .text.LEDSW_Init    led.o
    0x0000078c   0x0000078c   0x00000026   Code   RO           61    .text.PWM_Duty      pwm.o
    0x000007b2   0x000007b2   0x00000002   PAD
    0x000007b4   0x000007b4   0x000000fe   Code   RO           59    .text.PWM_Init      pwm.o
    0x000008b2   0x000008b2   0x00000002   PAD
    0x000008b4   0x000008b4   0x0000002a   Code   RO          104    .text.SysTick_Init  movement.o
    0x000008de   0x000008de   0x00000002   PAD
    0x000008e0   0x000008e0   0x00000048   Code   RO          106    .text.SysTick_Wait  movement.o
    0x00000928   0x00000928   0x0000002e   Code   RO           31    .text.UART0_OutChar  blt.o
    0x00000956   0x00000956   0x00000002   PAD
    0x00000958   0x00000958   0x0000002c   Code   RO           98    .text.circle        movement.o
    0x00000984   0x00000984   0x00000052   Code   RO           96    .text.figure_eight  movement.o
    0x000009d6   0x000009d6   0x00000002   PAD
    0x000009d8   0x000009d8   0x0000008e   Code   RO           40    .text.main          bltcontrolledcar.o
    0x00000a66   0x00000a66   0x00000002   PAD
    0x00000a68   0x00000a68   0x0000004e   Code   RO           42    .text.mode1         bltcontrolledcar.o
    0x00000ab6   0x00000ab6   0x00000002   PAD
    0x00000ab8   0x00000ab8   0x00000062   Code   RO           44    .text.mode2         bltcontrolledcar.o
    0x00000b1a   0x00000b1a   0x00000002   PAD
    0x00000b1c   0x00000b1c   0x00000038   Code   RO           74    .text.move_backward  movement.o
    0x00000b54   0x00000b54   0x00000038   Code   RO           72    .text.move_forward  movement.o
    0x00000b8c   0x00000b8c   0x00000030   Code   RO           90    .text.pivot_45_left  movement.o
    0x00000bbc   0x00000bbc   0x00000030   Code   RO           88    .text.pivot_45_right  movement.o
    0x00000bec   0x00000bec   0x00000032   Code   RO           86    .text.pivot_90_left  movement.o
    0x00000c1e   0x00000c1e   0x00000002   PAD
    0x00000c20   0x00000c20   0x00000032   Code   RO           84    .text.pivot_90_right  movement.o
    0x00000c52   0x00000c52   0x00000002   PAD
    0x00000c54   0x00000c54   0x000000a6   Code   RO           78    .text.slow_down     movement.o
    0x00000cfa   0x00000cfa   0x00000002   PAD
    0x00000cfc   0x00000cfc   0x000000a6   Code   RO           76    .text.speed_up      movement.o
    0x00000da2   0x00000da2   0x00000002   PAD
    0x00000da4   0x00000da4   0x0000003c   Code   RO          100    .text.square        movement.o
    0x00000de0   0x00000de0   0x00000022   Code   RO           80    .text.stop          movement.o
    0x00000e02   0x00000e02   0x00000002   PAD
    0x00000e04   0x00000e04   0x00000020   Code   RO           94    .text.wide_left     movement.o
    0x00000e24   0x00000e24   0x00000020   Code   RO           92    .text.wide_right    movement.o
    0x00000e44   0x00000e44   0x00000082   Code   RO          102    .text.zigzag        movement.o
    0x00000ec6   0x00000ec6   0x00000002   PAD
    0x00000ec8   0x00000ec8   0x00000020   Data   RO          286    Region$$Table       anon$$obj.o


    Execution Region ER_RW (Exec base: 0x20000000, Load base: 0x00000ee8, Size: 0x0000000c, Max: 0xffffffff, ABSOLUTE)

    Exec Addr    Load Addr    Size         Type   Attr      Idx    E Section Name        Object

    0x20000000   0x00000ee8   0x00000004   Data   RW          111    .data.CURRENT_SPEED_L  movement.o
    0x20000004   0x00000eec   0x00000004   Data   RW          110    .data.CURRENT_SPEED_R  movement.o
    0x20000008   0x00000ef0   0x00000001   Data   RW           48    .data.isMode1       bltcontrolledcar.o


    Execution Region ER_ZI (Exec base: 0x20000010, Load base: 0x00000ef4, Size: 0x00000468, Max: 0xffffffff, ABSOLUTE)

    Exec Addr    Load Addr    Size         Type   Attr      Idx    E Section Name        Object

    0x20000010        -       0x00000060   Zero   RW          151    .bss                c_w.l(libspace.o)
    0x20000070        -       0x00000001   Zero   RW           50    .bss.control_symbol  bltcontrolledcar.o
    0x20000071        -       0x00000001   Zero   RW           49    .bss.isMode2        bltcontrolledcar.o
    0x20000072   0x00000ef4   0x00000006   PAD
    0x20000078        -       0x00000000   Zero   RW            2    HEAP                startup.o
    0x20000078        -       0x00000400   Zero   RW            1    STACK               startup.o


==============================================================================

Image component sizes


      Code (inc. data)   RO Data    RW Data    ZI Data      Debug   Object Name

       414          0          0          0          0       1395   blt.o
       436         20          0          1          2       1032   bltcontrolledcar.o
       288          0          0          0          0        488   led.o
      1308          0          0          8          0       2951   movement.o
       292          0          0          0          0        678   pwm.o
       692        632          0          0       1024       1020   startup.o

    ----------------------------------------------------------------------
      3460        652         32         12       1032       7564   Object Totals
         0          0         32          0          0          0   (incl. Generated)
        30          0          0          3          6          0   (incl. Padding)

    ----------------------------------------------------------------------

      Code (inc. data)   RO Data    RW Data    ZI Data      Debug   Library Member Name

         8          0          0          0          0         68   __main.o
         0          0          0          0          0          0   __rtentry.o
        12          0          0          0          0          0   __rtentry2.o
         6          0          0          0          0          0   __rtentry4.o
        94          8          0          0          0          0   __scatter.o
        26          0          0          0          0          0   __scatter_copy.o
        28          0          0          0          0          0   __scatter_zi.o
        18          0          0          0          0         80   exit.o
         6          0          0          0          0        152   heapauxi.o
         0          0          0          0          0          0   indicate_semi.o
         2          0          0          0          0          0   libinit.o
         2          0          0          0          0          0   libinit2.o
         2          0          0          0          0          0   libshutdown.o
         2          0          0          0          0          0   libshutdown2.o
         8          4          0          0         96         68   libspace.o
         2          0          0          0          0          0   rtexit.o
        10          0          0          0          0          0   rtexit2.o
        12          4          0          0          0         68   sys_exit.o
        74          0          0          0          0         80   sys_stackheap_outer.o
         2          0          0          0          0         68   use_no_semi.o

    ----------------------------------------------------------------------
       324         16          0          0         96        584   Library Totals
        10          0          0          0          0          0   (incl. Padding)

    ----------------------------------------------------------------------

      Code (inc. data)   RO Data    RW Data    ZI Data      Debug   Library Name

       314         16          0          0         96        584   c_w.l

    ----------------------------------------------------------------------
       324         16          0          0         96        584   Library Totals

    ----------------------------------------------------------------------

==============================================================================


      Code (inc. data)   RO Data    RW Data    ZI Data      Debug   

      3784        668         32         12       1128       8028   Grand Totals
      3784        668         32         12       1128       8028   ELF Image Totals
      3784        668         32         12          0          0   ROM Totals

==============================================================================

    Total RO  Size (Code + RO Data)                 3816 (   3.73kB)
    Total RW  Size (RW Data + ZI Data)              1140 (   1.11kB)
    Total ROM Size (Code + RO Data + RW Data)       3828 (   3.74kB)

==============================================================================

